<?xml version="1.0"?>
<link_info>
   <banner>TMS320C6x Linker PC v7.4.18</banner>
   <copyright>Copyright (c) 1996-2015 Texas Instruments Incorporated</copyright>
   <link_time>0x5c1bd245</link_time>
   <output_file>TP1_Acquisition.out</output_file>
   <entry_point>
      <name>_c_int00</name>
      <address>0x30c0</address>
   </entry_point>
   <input_file_list>
      <input_file id="fl-2">
         <path>.\</path>
         <kind>object</kind>
         <file>Vectors_poll.obj</file>
         <name>Vectors_poll.obj</name>
      </input_file>
      <input_file id="fl-3">
         <path>.\</path>
         <kind>object</kind>
         <file>c6713dskinit.obj</file>
         <name>c6713dskinit.obj</name>
      </input_file>
      <input_file id="fl-4">
         <path>.\</path>
         <kind>object</kind>
         <file>main.obj</file>
         <name>main.obj</name>
      </input_file>
      <input_file id="fl-82">
         <path>C:\ti\ccsv6\tools\compiler\c6000_7.4.18\lib\</path>
         <kind>archive</kind>
         <file>rts6700.lib</file>
         <name>boot.obj</name>
      </input_file>
      <input_file id="fl-83">
         <path>C:\ti\ccsv6\tools\compiler\c6000_7.4.18\lib\</path>
         <kind>archive</kind>
         <file>rts6700.lib</file>
         <name>exit.obj</name>
      </input_file>
      <input_file id="fl-84">
         <path>C:\ti\ccsv6\tools\compiler\c6000_7.4.18\lib\</path>
         <kind>archive</kind>
         <file>rts6700.lib</file>
         <name>memory.obj</name>
      </input_file>
      <input_file id="fl-85">
         <path>C:\ti\ccsv6\tools\compiler\c6000_7.4.18\lib\</path>
         <kind>archive</kind>
         <file>rts6700.lib</file>
         <name>remi.obj</name>
      </input_file>
      <input_file id="fl-86">
         <path>C:\ti\ccsv6\tools\compiler\c6000_7.4.18\lib\</path>
         <kind>archive</kind>
         <file>rts6700.lib</file>
         <name>_lock.obj</name>
      </input_file>
      <input_file id="fl-87">
         <path>C:\ti\ccsv6\tools\compiler\c6000_7.4.18\lib\</path>
         <kind>archive</kind>
         <file>rts6700.lib</file>
         <name>args_main.obj</name>
      </input_file>
      <input_file id="fl-88">
         <path>C:\ti\ccsv6\tools\compiler\c6000_7.4.18\lib\</path>
         <kind>archive</kind>
         <file>rts6700.lib</file>
         <name>autoinit.obj</name>
      </input_file>
      <input_file id="fl-89">
         <path>C:\ti\ccsv6\tools\compiler\c6000_7.4.18\lib\</path>
         <kind>archive</kind>
         <file>rts6700.lib</file>
         <name>cpp_init.obj</name>
      </input_file>
      <input_file id="fl-8a">
         <path>C:\ti\ccsv6\tools\compiler\c6000_7.4.18\lib\</path>
         <kind>archive</kind>
         <file>rts6700.lib</file>
         <name>cpy_tbl.obj</name>
      </input_file>
      <input_file id="fl-8b">
         <path>C:\ti\ccsv6\tools\compiler\c6000_7.4.18\lib\</path>
         <kind>archive</kind>
         <file>rts6700.lib</file>
         <name>memcpy62.obj</name>
      </input_file>
      <input_file id="fl-8c">
         <path>C:\ti\CCCStudio_v3.1\C6000\csl\lib\</path>
         <kind>archive</kind>
         <file>csl6713.lib</file>
         <name>csl_irq.obj</name>
      </input_file>
      <input_file id="fl-8d">
         <path>C:\ti\CCCStudio_v3.1\C6000\csl\lib\</path>
         <kind>archive</kind>
         <file>csl6713.lib</file>
         <name>csl_mcbsp.obj</name>
      </input_file>
      <input_file id="fl-8e">
         <path>C:\ti\CCCStudio_v3.1\C6000\dsk6713\lib\</path>
         <kind>archive</kind>
         <file>dsk6713bsl.lib</file>
         <name>dsk6713.obj</name>
      </input_file>
      <input_file id="fl-8f">
         <path>C:\ti\CCCStudio_v3.1\C6000\dsk6713\lib\</path>
         <kind>archive</kind>
         <file>dsk6713bsl.lib</file>
         <name>dsk6713_aic23_opencodec.obj</name>
      </input_file>
      <input_file id="fl-90">
         <path>C:\ti\CCCStudio_v3.1\C6000\dsk6713\lib\</path>
         <kind>archive</kind>
         <file>dsk6713bsl.lib</file>
         <name>dsk6713_aic23_registers.obj</name>
      </input_file>
      <input_file id="fl-91">
         <path>C:\ti\CCCStudio_v3.1\C6000\dsk6713\lib\</path>
         <kind>archive</kind>
         <file>dsk6713bsl.lib</file>
         <name>dsk6713_aic23_setfreq.obj</name>
      </input_file>
      <input_file id="fl-92">
         <path>C:\ti\ccsv6\tools\compiler\c6000_7.4.18\lib\</path>
         <kind>archive</kind>
         <file>rts6700.lib</file>
         <name>strasg.obj</name>
      </input_file>
   </input_file_list>
   <object_component_list>
      <object_component id="oc-11">
         <name>.vecs</name>
         <load_address>0x0</load_address>
         <run_address>0x0</run_address>
         <size>0x200</size>
         <input_file_ref idref="fl-2"/>
      </object_component>
      <object_component id="oc-77">
         <name>.text</name>
         <load_address>0x220</load_address>
         <run_address>0x220</run_address>
         <size>0xb60</size>
         <input_file_ref idref="fl-4"/>
      </object_component>
      <object_component id="oc-7a">
         <name>.text</name>
         <load_address>0xd80</load_address>
         <run_address>0xd80</run_address>
         <size>0x7a0</size>
         <input_file_ref idref="fl-3"/>
      </object_component>
      <object_component id="oc-52">
         <name>.text</name>
         <load_address>0x1520</load_address>
         <run_address>0x1520</run_address>
         <size>0x480</size>
         <input_file_ref idref="fl-8e"/>
      </object_component>
      <object_component id="oc-58">
         <name>.text</name>
         <load_address>0x19a0</load_address>
         <run_address>0x19a0</run_address>
         <size>0x320</size>
         <input_file_ref idref="fl-8f"/>
      </object_component>
      <object_component id="oc-7d">
         <name>.text:_malloc</name>
         <load_address>0x1cc0</load_address>
         <run_address>0x1cc0</run_address>
         <size>0x240</size>
         <input_file_ref idref="fl-84"/>
      </object_component>
      <object_component id="oc-75">
         <name>.text:_memcpy</name>
         <load_address>0x1f00</load_address>
         <run_address>0x1f00</run_address>
         <size>0x240</size>
         <input_file_ref idref="fl-8b"/>
      </object_component>
      <object_component id="oc-81">
         <name>.text:_IRQ_map</name>
         <load_address>0x2140</load_address>
         <run_address>0x2140</run_address>
         <size>0x1c0</size>
         <input_file_ref idref="fl-8c"/>
      </object_component>
      <object_component id="oc-79">
         <name>.text:_MCBSP_reset</name>
         <load_address>0x2300</load_address>
         <run_address>0x2300</run_address>
         <size>0x1a0</size>
         <input_file_ref idref="fl-8d"/>
      </object_component>
      <object_component id="oc-5e">
         <name>.text</name>
         <load_address>0x24a0</load_address>
         <run_address>0x24a0</run_address>
         <size>0x160</size>
         <input_file_ref idref="fl-90"/>
      </object_component>
      <object_component id="oc-72">
         <name>.text:_MCBSP_open</name>
         <load_address>0x2600</load_address>
         <run_address>0x2600</run_address>
         <size>0x100</size>
         <input_file_ref idref="fl-8d"/>
      </object_component>
      <object_component id="oc-73">
         <name>.text:_MCBSP_start</name>
         <load_address>0x2700</load_address>
         <run_address>0x2700</run_address>
         <size>0x100</size>
         <input_file_ref idref="fl-8d"/>
      </object_component>
      <object_component id="oc-6d">
         <name>.text:__auto_init</name>
         <load_address>0x2800</load_address>
         <run_address>0x2800</run_address>
         <size>0x100</size>
         <input_file_ref idref="fl-88"/>
      </object_component>
      <object_component id="oc-7b">
         <name>.text:__remi</name>
         <load_address>0x2900</load_address>
         <run_address>0x2900</run_address>
         <size>0x100</size>
         <input_file_ref idref="fl-85"/>
      </object_component>
      <object_component id="oc-71">
         <name>.text:__strasg</name>
         <load_address>0x2a00</load_address>
         <run_address>0x2a00</run_address>
         <size>0xe0</size>
         <input_file_ref idref="fl-92"/>
      </object_component>
      <object_component id="oc-6f">
         <name>.text:_exit</name>
         <load_address>0x2ae0</load_address>
         <run_address>0x2ae0</run_address>
         <size>0xe0</size>
         <input_file_ref idref="fl-83"/>
      </object_component>
      <object_component id="oc-8b">
         <name>.text:_minsert</name>
         <load_address>0x2bc0</load_address>
         <run_address>0x2bc0</run_address>
         <size>0xe0</size>
         <input_file_ref idref="fl-84"/>
      </object_component>
      <object_component id="oc-8a">
         <name>.text:_mremove</name>
         <load_address>0x2ca0</load_address>
         <run_address>0x2ca0</run_address>
         <size>0xe0</size>
         <input_file_ref idref="fl-84"/>
      </object_component>
      <object_component id="oc-74">
         <name>.text:_copy_in</name>
         <load_address>0x2d80</load_address>
         <run_address>0x2d80</run_address>
         <size>0xc0</size>
         <input_file_ref idref="fl-8a"/>
      </object_component>
      <object_component id="oc-64">
         <name>.text</name>
         <load_address>0x2e40</load_address>
         <run_address>0x2e40</run_address>
         <size>0xc0</size>
         <input_file_ref idref="fl-91"/>
      </object_component>
      <object_component id="oc-7e">
         <name>.text:_MCBSP_config</name>
         <load_address>0x2f00</load_address>
         <run_address>0x2f00</run_address>
         <size>0xa0</size>
         <input_file_ref idref="fl-8d"/>
      </object_component>
      <object_component id="oc-8c">
         <name>.text:_setMux</name>
         <load_address>0x2fa0</load_address>
         <run_address>0x2fa0</run_address>
         <size>0xa0</size>
         <input_file_ref idref="fl-8c"/>
      </object_component>
      <object_component id="oc-76">
         <name>.text:___TI_cpp_init</name>
         <load_address>0x3040</load_address>
         <run_address>0x3040</run_address>
         <size>0x80</size>
         <input_file_ref idref="fl-89"/>
      </object_component>
      <object_component id="oc-f">
         <name>.text:_c_int00</name>
         <load_address>0x30c0</load_address>
         <run_address>0x30c0</run_address>
         <size>0x80</size>
         <input_file_ref idref="fl-82"/>
      </object_component>
      <object_component id="oc-85">
         <name>.text:_IRQ_enable</name>
         <load_address>0x3140</load_address>
         <run_address>0x3140</run_address>
         <size>0x40</size>
         <input_file_ref idref="fl-8c"/>
      </object_component>
      <object_component id="oc-82">
         <name>.text:_IRQ_reset</name>
         <load_address>0x3180</load_address>
         <run_address>0x3180</run_address>
         <size>0x40</size>
         <input_file_ref idref="fl-8c"/>
      </object_component>
      <object_component id="oc-6e">
         <name>.text:__args_main</name>
         <load_address>0x31c0</load_address>
         <run_address>0x31c0</run_address>
         <size>0x40</size>
         <input_file_ref idref="fl-87"/>
      </object_component>
      <object_component id="oc-10">
         <name>.text</name>
         <load_address>0x3200</load_address>
         <run_address>0x3200</run_address>
         <size>0x20</size>
         <input_file_ref idref="fl-2"/>
      </object_component>
      <object_component id="oc-7f">
         <name>.text:_IRQ_globalDisable</name>
         <load_address>0x3220</load_address>
         <run_address>0x3220</run_address>
         <size>0x20</size>
         <input_file_ref idref="fl-8c"/>
      </object_component>
      <object_component id="oc-83">
         <name>.text:_IRQ_globalEnable</name>
         <load_address>0x3240</load_address>
         <run_address>0x3240</run_address>
         <size>0x20</size>
         <input_file_ref idref="fl-8c"/>
      </object_component>
      <object_component id="oc-84">
         <name>.text:_IRQ_nmiEnable</name>
         <load_address>0x3260</load_address>
         <run_address>0x3260</run_address>
         <size>0x20</size>
         <input_file_ref idref="fl-8c"/>
      </object_component>
      <object_component id="oc-80">
         <name>.text:_MCBSP_getXmtEventId</name>
         <load_address>0x3280</load_address>
         <run_address>0x3280</run_address>
         <size>0x20</size>
         <input_file_ref idref="fl-8d"/>
      </object_component>
      <object_component id="oc-89">
         <name>.text:_MCBSP_read</name>
         <load_address>0x32a0</load_address>
         <run_address>0x32a0</run_address>
         <size>0x20</size>
         <input_file_ref idref="fl-8d"/>
      </object_component>
      <object_component id="oc-88">
         <name>.text:_MCBSP_rrdy</name>
         <load_address>0x32c0</load_address>
         <run_address>0x32c0</run_address>
         <size>0x20</size>
         <input_file_ref idref="fl-8d"/>
      </object_component>
      <object_component id="oc-87">
         <name>.text:_MCBSP_write</name>
         <load_address>0x32e0</load_address>
         <run_address>0x32e0</run_address>
         <size>0x20</size>
         <input_file_ref idref="fl-8d"/>
      </object_component>
      <object_component id="oc-86">
         <name>.text:_MCBSP_xrdy</name>
         <load_address>0x3300</load_address>
         <run_address>0x3300</run_address>
         <size>0x20</size>
         <input_file_ref idref="fl-8d"/>
      </object_component>
      <object_component id="oc-70">
         <name>.text:__nop</name>
         <load_address>0x3320</load_address>
         <run_address>0x3320</run_address>
         <size>0x20</size>
         <input_file_ref idref="fl-86"/>
      </object_component>
      <object_component id="oc-78">
         <name>.text:_abort</name>
         <load_address>0x3340</load_address>
         <run_address>0x3340</run_address>
         <size>0x20</size>
         <input_file_ref idref="fl-83"/>
      </object_component>
      <object_component id="oc-47">
         <name>.text</name>
         <load_address>0x3360</load_address>
         <run_address>0x3360</run_address>
         <size>0x20</size>
         <input_file_ref idref="fl-8c"/>
      </object_component>
      <object_component id="oc-1c">
         <name>.cinit</name>
         <load_address>0x4560</load_address>
         <run_address>0x4560</run_address>
         <size>0x93c</size>
         <input_file_ref idref="fl-4"/>
      </object_component>
      <object_component id="oc-48">
         <name>.cinit</name>
         <load_address>0x4ea0</load_address>
         <run_address>0x4ea0</run_address>
         <size>0x12c</size>
         <input_file_ref idref="fl-8c"/>
      </object_component>
      <object_component id="oc-16">
         <name>.cinit</name>
         <load_address>0x4fd0</load_address>
         <run_address>0x4fd0</run_address>
         <size>0x58</size>
         <input_file_ref idref="fl-3"/>
      </object_component>
      <object_component id="oc-4d">
         <name>.cinit</name>
         <load_address>0x5028</load_address>
         <run_address>0x5028</run_address>
         <size>0x54</size>
         <input_file_ref idref="fl-8d"/>
      </object_component>
      <object_component id="oc-5f">
         <name>.cinit</name>
         <load_address>0x5080</load_address>
         <run_address>0x5080</run_address>
         <size>0x30</size>
         <input_file_ref idref="fl-90"/>
      </object_component>
      <object_component id="oc-26">
         <name>.cinit</name>
         <load_address>0x50b0</load_address>
         <run_address>0x50b0</run_address>
         <size>0x2c</size>
         <input_file_ref idref="fl-83"/>
      </object_component>
      <object_component id="oc-2b">
         <name>.cinit</name>
         <load_address>0x50e0</load_address>
         <run_address>0x50e0</run_address>
         <size>0x2c</size>
         <input_file_ref idref="fl-84"/>
      </object_component>
      <object_component id="oc-65">
         <name>.cinit</name>
         <load_address>0x5110</load_address>
         <run_address>0x5110</run_address>
         <size>0x28</size>
         <input_file_ref idref="fl-91"/>
      </object_component>
      <object_component id="oc-34">
         <name>.cinit</name>
         <load_address>0x5138</load_address>
         <run_address>0x5138</run_address>
         <size>0x1c</size>
         <input_file_ref idref="fl-86"/>
      </object_component>
      <object_component id="oc-22">
         <name>.stack</name>
         <uninitialized>true</uninitialized>
         <run_address>0x5560</run_address>
         <size>0x8</size>
         <input_file_ref idref="fl-82"/>
      </object_component>
      <object_component id="oc-a3">
         <name>.stack</name>
         <uninitialized>true</uninitialized>
         <run_address>0x5560</run_address>
         <size>0x0</size>
      </object_component>
      <object_component id="oc-2d">
         <name>.sysmem</name>
         <uninitialized>true</uninitialized>
         <run_address>0x5160</run_address>
         <size>0x8</size>
         <input_file_ref idref="fl-84"/>
      </object_component>
      <object_component id="oc-a4">
         <name>.sysmem</name>
         <uninitialized>true</uninitialized>
         <run_address>0x5160</run_address>
         <size>0x0</size>
      </object_component>
      <object_component id="oc-5a">
         <name>.const</name>
         <load_address>0x5660</load_address>
         <run_address>0x5660</run_address>
         <size>0x40</size>
         <input_file_ref idref="fl-8f"/>
      </object_component>
      <object_component id="oc-54">
         <name>.const</name>
         <load_address>0x56a0</load_address>
         <run_address>0x56a0</run_address>
         <size>0x20</size>
         <input_file_ref idref="fl-8e"/>
      </object_component>
      <object_component id="oc-7c">
         <name>.const:_Coeff</name>
         <load_address>0x56c0</load_address>
         <run_address>0x56c0</run_address>
         <size>0x10</size>
         <input_file_ref idref="fl-4"/>
      </object_component>
      <object_component id="oc-17">
         <name>.far</name>
         <uninitialized>true</uninitialized>
         <run_address>0x445c</run_address>
         <size>0x58</size>
         <input_file_ref idref="fl-3"/>
      </object_component>
      <object_component id="oc-1d">
         <name>.far</name>
         <uninitialized>true</uninitialized>
         <run_address>0x3380</run_address>
         <size>0xfe8</size>
         <input_file_ref idref="fl-4"/>
      </object_component>
      <object_component id="oc-27">
         <name>.far</name>
         <uninitialized>true</uninitialized>
         <run_address>0x4534</run_address>
         <size>0xc</size>
         <input_file_ref idref="fl-83"/>
      </object_component>
      <object_component id="oc-2c">
         <name>.far</name>
         <uninitialized>true</uninitialized>
         <run_address>0x4550</run_address>
         <size>0x8</size>
         <input_file_ref idref="fl-84"/>
      </object_component>
      <object_component id="oc-35">
         <name>.far</name>
         <uninitialized>true</uninitialized>
         <run_address>0x4548</run_address>
         <size>0x8</size>
         <input_file_ref idref="fl-86"/>
      </object_component>
      <object_component id="oc-49">
         <name>.far</name>
         <uninitialized>true</uninitialized>
         <run_address>0x4368</run_address>
         <size>0xf4</size>
         <input_file_ref idref="fl-8c"/>
      </object_component>
      <object_component id="oc-4e">
         <name>.far</name>
         <uninitialized>true</uninitialized>
         <run_address>0x44b4</run_address>
         <size>0x38</size>
         <input_file_ref idref="fl-8d"/>
      </object_component>
      <object_component id="oc-53">
         <name>.far</name>
         <uninitialized>true</uninitialized>
         <run_address>0x4558</run_address>
         <size>0x2</size>
         <input_file_ref idref="fl-8e"/>
      </object_component>
      <object_component id="oc-59">
         <name>.far</name>
         <uninitialized>true</uninitialized>
         <run_address>0x4540</run_address>
         <size>0x8</size>
         <input_file_ref idref="fl-8f"/>
      </object_component>
      <object_component id="oc-60">
         <name>.far</name>
         <uninitialized>true</uninitialized>
         <run_address>0x44ec</run_address>
         <size>0x28</size>
         <input_file_ref idref="fl-90"/>
      </object_component>
      <object_component id="oc-66">
         <name>.far</name>
         <uninitialized>true</uninitialized>
         <run_address>0x4514</run_address>
         <size>0x20</size>
         <input_file_ref idref="fl-91"/>
      </object_component>
      <object_component id="oc-12">
         <name>.debug_info</name>
         <load_address>0x0</load_address>
         <run_address>0x0</run_address>
         <size>0x103</size>
         <input_file_ref idref="fl-2"/>
      </object_component>
      <object_component id="oc-15">
         <name>.debug_info</name>
         <load_address>0x103</load_address>
         <run_address>0x103</run_address>
         <size>0x14be</size>
         <input_file_ref idref="fl-3"/>
      </object_component>
      <object_component id="oc-1b">
         <name>.debug_info</name>
         <load_address>0x15c1</load_address>
         <run_address>0x15c1</run_address>
         <size>0x1148</size>
         <input_file_ref idref="fl-4"/>
      </object_component>
      <object_component id="oc-21">
         <name>.debug_info</name>
         <load_address>0x2709</load_address>
         <run_address>0x2709</run_address>
         <size>0x70b</size>
         <input_file_ref idref="fl-82"/>
      </object_component>
      <object_component id="oc-25">
         <name>.debug_info</name>
         <load_address>0x2e14</load_address>
         <run_address>0x2e14</run_address>
         <size>0x7fb</size>
         <input_file_ref idref="fl-83"/>
      </object_component>
      <object_component id="oc-2a">
         <name>.debug_info</name>
         <load_address>0x360f</load_address>
         <run_address>0x360f</run_address>
         <size>0x9be</size>
         <input_file_ref idref="fl-84"/>
      </object_component>
      <object_component id="oc-30">
         <name>.debug_info</name>
         <load_address>0x3fcd</load_address>
         <run_address>0x3fcd</run_address>
         <size>0xd0</size>
         <input_file_ref idref="fl-85"/>
      </object_component>
      <object_component id="oc-33">
         <name>.debug_info</name>
         <load_address>0x409d</load_address>
         <run_address>0x409d</run_address>
         <size>0x64c</size>
         <input_file_ref idref="fl-86"/>
      </object_component>
      <object_component id="oc-38">
         <name>.debug_info</name>
         <load_address>0x46e9</load_address>
         <run_address>0x46e9</run_address>
         <size>0x6e1</size>
         <input_file_ref idref="fl-87"/>
      </object_component>
      <object_component id="oc-3b">
         <name>.debug_info</name>
         <load_address>0x4dca</load_address>
         <run_address>0x4dca</run_address>
         <size>0x86d</size>
         <input_file_ref idref="fl-88"/>
      </object_component>
      <object_component id="oc-3e">
         <name>.debug_info</name>
         <load_address>0x5637</load_address>
         <run_address>0x5637</run_address>
         <size>0x6e5</size>
         <input_file_ref idref="fl-89"/>
      </object_component>
      <object_component id="oc-41">
         <name>.debug_info</name>
         <load_address>0x5d1c</load_address>
         <run_address>0x5d1c</run_address>
         <size>0x7db</size>
         <input_file_ref idref="fl-8a"/>
      </object_component>
      <object_component id="oc-44">
         <name>.debug_info</name>
         <load_address>0x64f7</load_address>
         <run_address>0x64f7</run_address>
         <size>0x78a</size>
         <input_file_ref idref="fl-8b"/>
      </object_component>
      <object_component id="oc-4b">
         <name>.debug_info</name>
         <load_address>0x6c81</load_address>
         <run_address>0x6c81</run_address>
         <size>0xcc5</size>
         <input_file_ref idref="fl-8c"/>
      </object_component>
      <object_component id="oc-50">
         <name>.debug_info</name>
         <load_address>0x7946</load_address>
         <run_address>0x7946</run_address>
         <size>0xec5</size>
         <input_file_ref idref="fl-8d"/>
      </object_component>
      <object_component id="oc-56">
         <name>.debug_info</name>
         <load_address>0x880b</load_address>
         <run_address>0x880b</run_address>
         <size>0xa4e</size>
         <input_file_ref idref="fl-8e"/>
      </object_component>
      <object_component id="oc-5c">
         <name>.debug_info</name>
         <load_address>0x9259</load_address>
         <run_address>0x9259</run_address>
         <size>0xa20</size>
         <input_file_ref idref="fl-8f"/>
      </object_component>
      <object_component id="oc-62">
         <name>.debug_info</name>
         <load_address>0x9c79</load_address>
         <run_address>0x9c79</run_address>
         <size>0xaa0</size>
         <input_file_ref idref="fl-90"/>
      </object_component>
      <object_component id="oc-68">
         <name>.debug_info</name>
         <load_address>0xa719</load_address>
         <run_address>0xa719</run_address>
         <size>0x723</size>
         <input_file_ref idref="fl-91"/>
      </object_component>
      <object_component id="oc-6a">
         <name>.debug_info</name>
         <load_address>0xae3c</load_address>
         <run_address>0xae3c</run_address>
         <size>0xd6</size>
         <input_file_ref idref="fl-92"/>
      </object_component>
      <object_component id="oc-a5">
         <name>.debug_info</name>
         <load_address>0xaf12</load_address>
         <run_address>0xaf12</run_address>
         <size>0x6e</size>
      </object_component>
      <object_component id="oc-13">
         <name>.debug_line</name>
         <load_address>0x0</load_address>
         <run_address>0x0</run_address>
         <size>0xcd</size>
         <input_file_ref idref="fl-2"/>
      </object_component>
      <object_component id="oc-19">
         <name>.debug_line</name>
         <load_address>0xcd</load_address>
         <run_address>0xcd</run_address>
         <size>0x158</size>
         <input_file_ref idref="fl-3"/>
      </object_component>
      <object_component id="oc-1f">
         <name>.debug_line</name>
         <load_address>0x225</load_address>
         <run_address>0x225</run_address>
         <size>0x1b9</size>
         <input_file_ref idref="fl-4"/>
      </object_component>
      <object_component id="oc-23">
         <name>.debug_line</name>
         <load_address>0x3de</load_address>
         <run_address>0x3de</run_address>
         <size>0x3d</size>
         <input_file_ref idref="fl-82"/>
      </object_component>
      <object_component id="oc-28">
         <name>.debug_line</name>
         <load_address>0x41b</load_address>
         <run_address>0x41b</run_address>
         <size>0x4f</size>
         <input_file_ref idref="fl-83"/>
      </object_component>
      <object_component id="oc-2e">
         <name>.debug_line</name>
         <load_address>0x46a</load_address>
         <run_address>0x46a</run_address>
         <size>0x84</size>
         <input_file_ref idref="fl-84"/>
      </object_component>
      <object_component id="oc-31">
         <name>.debug_line</name>
         <load_address>0x4ee</load_address>
         <run_address>0x4ee</run_address>
         <size>0x43</size>
         <input_file_ref idref="fl-85"/>
      </object_component>
      <object_component id="oc-36">
         <name>.debug_line</name>
         <load_address>0x531</load_address>
         <run_address>0x531</run_address>
         <size>0x36</size>
         <input_file_ref idref="fl-86"/>
      </object_component>
      <object_component id="oc-39">
         <name>.debug_line</name>
         <load_address>0x567</load_address>
         <run_address>0x567</run_address>
         <size>0x41</size>
         <input_file_ref idref="fl-87"/>
      </object_component>
      <object_component id="oc-3c">
         <name>.debug_line</name>
         <load_address>0x5a8</load_address>
         <run_address>0x5a8</run_address>
         <size>0x47</size>
         <input_file_ref idref="fl-88"/>
      </object_component>
      <object_component id="oc-3f">
         <name>.debug_line</name>
         <load_address>0x5ef</load_address>
         <run_address>0x5ef</run_address>
         <size>0x45</size>
         <input_file_ref idref="fl-89"/>
      </object_component>
      <object_component id="oc-42">
         <name>.debug_line</name>
         <load_address>0x634</load_address>
         <run_address>0x634</run_address>
         <size>0x44</size>
         <input_file_ref idref="fl-8a"/>
      </object_component>
      <object_component id="oc-45">
         <name>.debug_line</name>
         <load_address>0x678</load_address>
         <run_address>0x678</run_address>
         <size>0x4e</size>
         <input_file_ref idref="fl-8b"/>
      </object_component>
      <object_component id="oc-4c">
         <name>.debug_line</name>
         <load_address>0x6c6</load_address>
         <run_address>0x6c6</run_address>
         <size>0x109</size>
         <input_file_ref idref="fl-8c"/>
      </object_component>
      <object_component id="oc-51">
         <name>.debug_line</name>
         <load_address>0x7cf</load_address>
         <run_address>0x7cf</run_address>
         <size>0x141</size>
         <input_file_ref idref="fl-8d"/>
      </object_component>
      <object_component id="oc-57">
         <name>.debug_line</name>
         <load_address>0x910</load_address>
         <run_address>0x910</run_address>
         <size>0xb2</size>
         <input_file_ref idref="fl-8e"/>
      </object_component>
      <object_component id="oc-5d">
         <name>.debug_line</name>
         <load_address>0x9c2</load_address>
         <run_address>0x9c2</run_address>
         <size>0x4f</size>
         <input_file_ref idref="fl-8f"/>
      </object_component>
      <object_component id="oc-63">
         <name>.debug_line</name>
         <load_address>0xa11</load_address>
         <run_address>0xa11</run_address>
         <size>0x7e</size>
         <input_file_ref idref="fl-90"/>
      </object_component>
      <object_component id="oc-69">
         <name>.debug_line</name>
         <load_address>0xa8f</load_address>
         <run_address>0xa8f</run_address>
         <size>0x50</size>
         <input_file_ref idref="fl-91"/>
      </object_component>
      <object_component id="oc-6b">
         <name>.debug_line</name>
         <load_address>0xadf</load_address>
         <run_address>0xadf</run_address>
         <size>0x48</size>
         <input_file_ref idref="fl-92"/>
      </object_component>
      <object_component id="oc-14">
         <name>.debug_abbrev</name>
         <load_address>0x0</load_address>
         <run_address>0x0</run_address>
         <size>0x21</size>
         <input_file_ref idref="fl-2"/>
      </object_component>
      <object_component id="oc-1a">
         <name>.debug_abbrev</name>
         <load_address>0x21</load_address>
         <run_address>0x21</run_address>
         <size>0x18e</size>
         <input_file_ref idref="fl-3"/>
      </object_component>
      <object_component id="oc-20">
         <name>.debug_abbrev</name>
         <load_address>0x1af</load_address>
         <run_address>0x1af</run_address>
         <size>0x189</size>
         <input_file_ref idref="fl-4"/>
      </object_component>
      <object_component id="oc-24">
         <name>.debug_abbrev</name>
         <load_address>0x338</load_address>
         <run_address>0x338</run_address>
         <size>0xfe</size>
         <input_file_ref idref="fl-82"/>
      </object_component>
      <object_component id="oc-29">
         <name>.debug_abbrev</name>
         <load_address>0x436</load_address>
         <run_address>0x436</run_address>
         <size>0x119</size>
         <input_file_ref idref="fl-83"/>
      </object_component>
      <object_component id="oc-2f">
         <name>.debug_abbrev</name>
         <load_address>0x54f</load_address>
         <run_address>0x54f</run_address>
         <size>0x1f6</size>
         <input_file_ref idref="fl-84"/>
      </object_component>
      <object_component id="oc-32">
         <name>.debug_abbrev</name>
         <load_address>0x745</load_address>
         <run_address>0x745</run_address>
         <size>0x3b</size>
         <input_file_ref idref="fl-85"/>
      </object_component>
      <object_component id="oc-37">
         <name>.debug_abbrev</name>
         <load_address>0x780</load_address>
         <run_address>0x780</run_address>
         <size>0x9f</size>
         <input_file_ref idref="fl-86"/>
      </object_component>
      <object_component id="oc-3a">
         <name>.debug_abbrev</name>
         <load_address>0x81f</load_address>
         <run_address>0x81f</run_address>
         <size>0xe1</size>
         <input_file_ref idref="fl-87"/>
      </object_component>
      <object_component id="oc-3d">
         <name>.debug_abbrev</name>
         <load_address>0x900</load_address>
         <run_address>0x900</run_address>
         <size>0x13f</size>
         <input_file_ref idref="fl-88"/>
      </object_component>
      <object_component id="oc-40">
         <name>.debug_abbrev</name>
         <load_address>0xa3f</load_address>
         <run_address>0xa3f</run_address>
         <size>0xdd</size>
         <input_file_ref idref="fl-89"/>
      </object_component>
      <object_component id="oc-43">
         <name>.debug_abbrev</name>
         <load_address>0xb1c</load_address>
         <run_address>0xb1c</run_address>
         <size>0x10c</size>
         <input_file_ref idref="fl-8a"/>
      </object_component>
      <object_component id="oc-46">
         <name>.debug_abbrev</name>
         <load_address>0xc28</load_address>
         <run_address>0xc28</run_address>
         <size>0xd5</size>
         <input_file_ref idref="fl-8b"/>
      </object_component>
      <object_component id="oc-4a">
         <name>.debug_abbrev</name>
         <load_address>0xcfd</load_address>
         <run_address>0xcfd</run_address>
         <size>0x1b7</size>
         <input_file_ref idref="fl-8c"/>
      </object_component>
      <object_component id="oc-4f">
         <name>.debug_abbrev</name>
         <load_address>0xeb4</load_address>
         <run_address>0xeb4</run_address>
         <size>0x1a3</size>
         <input_file_ref idref="fl-8d"/>
      </object_component>
      <object_component id="oc-55">
         <name>.debug_abbrev</name>
         <load_address>0x1057</load_address>
         <run_address>0x1057</run_address>
         <size>0x19a</size>
         <input_file_ref idref="fl-8e"/>
      </object_component>
      <object_component id="oc-5b">
         <name>.debug_abbrev</name>
         <load_address>0x11f1</load_address>
         <run_address>0x11f1</run_address>
         <size>0x12a</size>
         <input_file_ref idref="fl-8f"/>
      </object_component>
      <object_component id="oc-61">
         <name>.debug_abbrev</name>
         <load_address>0x131b</load_address>
         <run_address>0x131b</run_address>
         <size>0x152</size>
         <input_file_ref idref="fl-90"/>
      </object_component>
      <object_component id="oc-67">
         <name>.debug_abbrev</name>
         <load_address>0x146d</load_address>
         <run_address>0x146d</run_address>
         <size>0xf5</size>
         <input_file_ref idref="fl-91"/>
      </object_component>
      <object_component id="oc-6c">
         <name>.debug_abbrev</name>
         <load_address>0x1562</load_address>
         <run_address>0x1562</run_address>
         <size>0x3b</size>
         <input_file_ref idref="fl-92"/>
      </object_component>
      <object_component id="oc-a6">
         <name>.debug_abbrev</name>
         <load_address>0x159d</load_address>
         <run_address>0x159d</run_address>
         <size>0xd</size>
      </object_component>
      <object_component id="oc-18">
         <name>.debug_frame</name>
         <load_address>0x0</load_address>
         <run_address>0x0</run_address>
         <size>0x34f</size>
         <input_file_ref idref="fl-3"/>
      </object_component>
      <object_component id="oc-1e">
         <name>.debug_frame</name>
         <load_address>0x34f</load_address>
         <run_address>0x34f</run_address>
         <size>0x2f4</size>
         <input_file_ref idref="fl-4"/>
      </object_component>
   </object_component_list>
   <logical_group_list>
      <logical_group id="lg-2">
         <name>.EXT_RAM</name>
         <run_address>0x0</run_address>
         <size>0x0</size>
         <contents>
         </contents>
      </logical_group>
      <logical_group id="lg-3">
         <name>.vecs</name>
         <load_address>0x0</load_address>
         <run_address>0x0</run_address>
         <size>0x200</size>
         <contents>
            <object_component_ref idref="oc-11"/>
         </contents>
      </logical_group>
      <logical_group id="lg-4">
         <name>.text</name>
         <load_address>0x220</load_address>
         <run_address>0x220</run_address>
         <size>0x3160</size>
         <contents>
            <object_component_ref idref="oc-77"/>
            <object_component_ref idref="oc-7a"/>
            <object_component_ref idref="oc-52"/>
            <object_component_ref idref="oc-58"/>
            <object_component_ref idref="oc-7d"/>
            <object_component_ref idref="oc-75"/>
            <object_component_ref idref="oc-81"/>
            <object_component_ref idref="oc-79"/>
            <object_component_ref idref="oc-5e"/>
            <object_component_ref idref="oc-72"/>
            <object_component_ref idref="oc-73"/>
            <object_component_ref idref="oc-6d"/>
            <object_component_ref idref="oc-7b"/>
            <object_component_ref idref="oc-71"/>
            <object_component_ref idref="oc-6f"/>
            <object_component_ref idref="oc-8b"/>
            <object_component_ref idref="oc-8a"/>
            <object_component_ref idref="oc-74"/>
            <object_component_ref idref="oc-64"/>
            <object_component_ref idref="oc-7e"/>
            <object_component_ref idref="oc-8c"/>
            <object_component_ref idref="oc-76"/>
            <object_component_ref idref="oc-f"/>
            <object_component_ref idref="oc-85"/>
            <object_component_ref idref="oc-82"/>
            <object_component_ref idref="oc-6e"/>
            <object_component_ref idref="oc-10"/>
            <object_component_ref idref="oc-7f"/>
            <object_component_ref idref="oc-83"/>
            <object_component_ref idref="oc-84"/>
            <object_component_ref idref="oc-80"/>
            <object_component_ref idref="oc-89"/>
            <object_component_ref idref="oc-88"/>
            <object_component_ref idref="oc-87"/>
            <object_component_ref idref="oc-86"/>
            <object_component_ref idref="oc-70"/>
            <object_component_ref idref="oc-78"/>
            <object_component_ref idref="oc-47"/>
         </contents>
      </logical_group>
      <logical_group id="lg-5">
         <name>.bss</name>
         <run_address>0x220</run_address>
         <size>0x0</size>
         <contents>
         </contents>
      </logical_group>
      <logical_group id="lg-6">
         <name>.cinit</name>
         <load_address>0x4560</load_address>
         <run_address>0x4560</run_address>
         <size>0xbfc</size>
         <contents>
            <object_component_ref idref="oc-1c"/>
            <object_component_ref idref="oc-48"/>
            <object_component_ref idref="oc-16"/>
            <object_component_ref idref="oc-4d"/>
            <object_component_ref idref="oc-5f"/>
            <object_component_ref idref="oc-26"/>
            <object_component_ref idref="oc-2b"/>
            <object_component_ref idref="oc-65"/>
            <object_component_ref idref="oc-34"/>
         </contents>
      </logical_group>
      <logical_group id="lg-7">
         <name>.stack</name>
         <run_address>0x5560</run_address>
         <size>0x100</size>
         <contents>
            <object_component_ref idref="oc-22"/>
            <object_component_ref idref="oc-a3"/>
         </contents>
      </logical_group>
      <logical_group id="lg-8">
         <name>.sysmem</name>
         <run_address>0x5160</run_address>
         <size>0x400</size>
         <contents>
            <object_component_ref idref="oc-2d"/>
            <object_component_ref idref="oc-a4"/>
         </contents>
      </logical_group>
      <logical_group id="lg-9">
         <name>.const</name>
         <load_address>0x5660</load_address>
         <run_address>0x5660</run_address>
         <size>0x70</size>
         <contents>
            <object_component_ref idref="oc-5a"/>
            <object_component_ref idref="oc-54"/>
            <object_component_ref idref="oc-7c"/>
         </contents>
      </logical_group>
      <logical_group id="lg-a">
         <name>.switch</name>
         <run_address>0x0</run_address>
         <size>0x0</size>
         <contents>
         </contents>
      </logical_group>
      <logical_group id="lg-b">
         <name>.far</name>
         <run_address>0x3380</run_address>
         <size>0x11da</size>
         <contents>
            <object_component_ref idref="oc-17"/>
            <object_component_ref idref="oc-1d"/>
            <object_component_ref idref="oc-27"/>
            <object_component_ref idref="oc-2c"/>
            <object_component_ref idref="oc-35"/>
            <object_component_ref idref="oc-49"/>
            <object_component_ref idref="oc-4e"/>
            <object_component_ref idref="oc-53"/>
            <object_component_ref idref="oc-59"/>
            <object_component_ref idref="oc-60"/>
            <object_component_ref idref="oc-66"/>
         </contents>
      </logical_group>
      <logical_group id="lg-c">
         <name>.cio</name>
         <run_address>0x0</run_address>
         <size>0x0</size>
         <contents>
         </contents>
      </logical_group>
      <logical_group id="lg-d">
         <name>.csldata</name>
         <run_address>0x0</run_address>
         <size>0x0</size>
         <contents>
         </contents>
      </logical_group>
      <logical_group id="lg-e">
         <name>.data_c</name>
         <run_address>0x0</run_address>
         <size>0x0</size>
         <contents>
         </contents>
      </logical_group>
      <logical_group id="lg-9a">
         <name>.debug_info</name>
         <load_address>0x0</load_address>
         <run_address>0x0</run_address>
         <size>0xaf80</size>
         <contents>
            <object_component_ref idref="oc-12"/>
            <object_component_ref idref="oc-15"/>
            <object_component_ref idref="oc-1b"/>
            <object_component_ref idref="oc-21"/>
            <object_component_ref idref="oc-25"/>
            <object_component_ref idref="oc-2a"/>
            <object_component_ref idref="oc-30"/>
            <object_component_ref idref="oc-33"/>
            <object_component_ref idref="oc-38"/>
            <object_component_ref idref="oc-3b"/>
            <object_component_ref idref="oc-3e"/>
            <object_component_ref idref="oc-41"/>
            <object_component_ref idref="oc-44"/>
            <object_component_ref idref="oc-4b"/>
            <object_component_ref idref="oc-50"/>
            <object_component_ref idref="oc-56"/>
            <object_component_ref idref="oc-5c"/>
            <object_component_ref idref="oc-62"/>
            <object_component_ref idref="oc-68"/>
            <object_component_ref idref="oc-6a"/>
            <object_component_ref idref="oc-a5"/>
         </contents>
      </logical_group>
      <logical_group id="lg-9c">
         <name>.debug_line</name>
         <load_address>0x0</load_address>
         <run_address>0x0</run_address>
         <size>0xb27</size>
         <contents>
            <object_component_ref idref="oc-13"/>
            <object_component_ref idref="oc-19"/>
            <object_component_ref idref="oc-1f"/>
            <object_component_ref idref="oc-23"/>
            <object_component_ref idref="oc-28"/>
            <object_component_ref idref="oc-2e"/>
            <object_component_ref idref="oc-31"/>
            <object_component_ref idref="oc-36"/>
            <object_component_ref idref="oc-39"/>
            <object_component_ref idref="oc-3c"/>
            <object_component_ref idref="oc-3f"/>
            <object_component_ref idref="oc-42"/>
            <object_component_ref idref="oc-45"/>
            <object_component_ref idref="oc-4c"/>
            <object_component_ref idref="oc-51"/>
            <object_component_ref idref="oc-57"/>
            <object_component_ref idref="oc-5d"/>
            <object_component_ref idref="oc-63"/>
            <object_component_ref idref="oc-69"/>
            <object_component_ref idref="oc-6b"/>
         </contents>
      </logical_group>
      <logical_group id="lg-9e">
         <name>.debug_abbrev</name>
         <load_address>0x0</load_address>
         <run_address>0x0</run_address>
         <size>0x15aa</size>
         <contents>
            <object_component_ref idref="oc-14"/>
            <object_component_ref idref="oc-1a"/>
            <object_component_ref idref="oc-20"/>
            <object_component_ref idref="oc-24"/>
            <object_component_ref idref="oc-29"/>
            <object_component_ref idref="oc-2f"/>
            <object_component_ref idref="oc-32"/>
            <object_component_ref idref="oc-37"/>
            <object_component_ref idref="oc-3a"/>
            <object_component_ref idref="oc-3d"/>
            <object_component_ref idref="oc-40"/>
            <object_component_ref idref="oc-43"/>
            <object_component_ref idref="oc-46"/>
            <object_component_ref idref="oc-4a"/>
            <object_component_ref idref="oc-4f"/>
            <object_component_ref idref="oc-55"/>
            <object_component_ref idref="oc-5b"/>
            <object_component_ref idref="oc-61"/>
            <object_component_ref idref="oc-67"/>
            <object_component_ref idref="oc-6c"/>
            <object_component_ref idref="oc-a6"/>
         </contents>
      </logical_group>
      <logical_group id="lg-a0">
         <name>.debug_frame</name>
         <load_address>0x0</load_address>
         <run_address>0x0</run_address>
         <size>0x643</size>
         <contents>
            <object_component_ref idref="oc-18"/>
            <object_component_ref idref="oc-1e"/>
         </contents>
      </logical_group>
   </logical_group_list>
   <placement_map>
      <memory_area>
         <name>IVECS</name>
         <page_id>0x0</page_id>
         <origin>0x0</origin>
         <length>0x220</length>
         <used_space>0x200</used_space>
         <unused_space>0x20</unused_space>
         <attributes>RWIX</attributes>
         <usage_details>
            <allocated_space>
               <start_address>0x0</start_address>
               <size>0x200</size>
               <logical_group_ref idref="lg-3"/>
            </allocated_space>
            <available_space>
               <start_address>0x200</start_address>
               <size>0x20</size>
            </available_space>
         </usage_details>
      </memory_area>
      <memory_area>
         <name>IRAM</name>
         <page_id>0x0</page_id>
         <origin>0x220</origin>
         <length>0x2bde0</length>
         <used_space>0x54a6</used_space>
         <unused_space>0x2693a</unused_space>
         <attributes>RWIX</attributes>
         <usage_details>
            <allocated_space>
               <start_address>0x220</start_address>
               <size>0x0</size>
               <logical_group_ref idref="lg-5"/>
            </allocated_space>
            <allocated_space>
               <start_address>0x220</start_address>
               <size>0x3160</size>
               <logical_group_ref idref="lg-4"/>
            </allocated_space>
            <allocated_space>
               <start_address>0x3380</start_address>
               <size>0x11da</size>
               <logical_group_ref idref="lg-b"/>
            </allocated_space>
            <available_space>
               <start_address>0x455a</start_address>
               <size>0x6</size>
            </available_space>
            <allocated_space>
               <start_address>0x4560</start_address>
               <size>0xbfc</size>
               <logical_group_ref idref="lg-6"/>
            </allocated_space>
            <available_space>
               <start_address>0x515c</start_address>
               <size>0x4</size>
            </available_space>
            <allocated_space>
               <start_address>0x5160</start_address>
               <size>0x400</size>
               <logical_group_ref idref="lg-8"/>
            </allocated_space>
            <allocated_space>
               <start_address>0x5560</start_address>
               <size>0x100</size>
               <logical_group_ref idref="lg-7"/>
            </allocated_space>
            <allocated_space>
               <start_address>0x5660</start_address>
               <size>0x70</size>
               <logical_group_ref idref="lg-9"/>
            </allocated_space>
            <available_space>
               <start_address>0x56d0</start_address>
               <size>0x26930</size>
            </available_space>
         </usage_details>
      </memory_area>
      <memory_area>
         <name>DATA_C</name>
         <page_id>0x0</page_id>
         <origin>0x2c000</origin>
         <length>0x4000</length>
         <used_space>0x0</used_space>
         <unused_space>0x4000</unused_space>
         <attributes>RWIX</attributes>
         <usage_details>
         </usage_details>
      </memory_area>
      <memory_area>
         <name>SDRAM</name>
         <page_id>0x0</page_id>
         <origin>0x80000000</origin>
         <length>0x100000</length>
         <used_space>0x0</used_space>
         <unused_space>0x100000</unused_space>
         <attributes>RWIX</attributes>
         <usage_details>
         </usage_details>
      </memory_area>
      <memory_area>
         <name>FLASH</name>
         <page_id>0x0</page_id>
         <origin>0x90000000</origin>
         <length>0x20000</length>
         <used_space>0x0</used_space>
         <unused_space>0x20000</unused_space>
         <attributes>RWIX</attributes>
         <usage_details>
         </usage_details>
      </memory_area>
   </placement_map>
   <symbol_table>
      <symbol id="sm-0">
         <name>cinit</name>
         <value>0x4560</value>
      </symbol>
      <symbol id="sm-1">
         <name>___cinit__</name>
         <value>0x4560</value>
      </symbol>
      <symbol id="sm-2">
         <name>pinit</name>
         <value>0xffffffff</value>
      </symbol>
      <symbol id="sm-3">
         <name>___pinit__</name>
         <value>0xffffffff</value>
      </symbol>
      <symbol id="sm-4">
         <name>binit</name>
         <value>0xffffffff</value>
      </symbol>
      <symbol id="sm-5">
         <name>___binit__</name>
         <value>0xffffffff</value>
      </symbol>
      <symbol id="sm-6">
         <name>__STACK_SIZE</name>
         <value>0x100</value>
      </symbol>
      <symbol id="sm-7">
         <name>__STACK_END</name>
         <value>0x5660</value>
      </symbol>
      <symbol id="sm-8">
         <name>__SYSMEM_SIZE</name>
         <value>0x400</value>
      </symbol>
      <symbol id="sm-9">
         <name>___c_args__</name>
         <value>0xffffffff</value>
      </symbol>
      <symbol id="sm-a">
         <name>.text</name>
         <value>0x220</value>
      </symbol>
      <symbol id="sm-b">
         <name>___text__</name>
         <value>0x220</value>
      </symbol>
      <symbol id="sm-c">
         <name>etext</name>
         <value>0x3380</value>
      </symbol>
      <symbol id="sm-d">
         <name>___etext__</name>
         <value>0x3380</value>
      </symbol>
      <symbol id="sm-e">
         <name>.bss</name>
         <value>0x220</value>
      </symbol>
      <symbol id="sm-f">
         <name>___bss__</name>
         <value>0x220</value>
      </symbol>
      <symbol id="sm-10">
         <name>end</name>
         <value>0x220</value>
      </symbol>
      <symbol id="sm-11">
         <name>___end__</name>
         <value>0x220</value>
      </symbol>
      <symbol id="sm-12">
         <name>___TI_pprof_out_hndl</name>
         <value>0xffffffff</value>
      </symbol>
      <symbol id="sm-13">
         <name>___TI_prof_data_start</name>
         <value>0xffffffff</value>
      </symbol>
      <symbol id="sm-14">
         <name>___TI_prof_data_size</name>
         <value>0xffffffff</value>
      </symbol>
      <symbol id="sm-15">
         <name>$bss</name>
         <value>0x220</value>
      </symbol>
      <symbol id="sm-43">
         <name>_vector10</name>
         <value>0x140</value>
         <object_component_ref idref="oc-11"/>
      </symbol>
      <symbol id="sm-44">
         <name>_vector11</name>
         <value>0x160</value>
         <object_component_ref idref="oc-11"/>
      </symbol>
      <symbol id="sm-45">
         <name>_vector12</name>
         <value>0x180</value>
         <object_component_ref idref="oc-11"/>
      </symbol>
      <symbol id="sm-46">
         <name>_vector13</name>
         <value>0x1a0</value>
         <object_component_ref idref="oc-11"/>
      </symbol>
      <symbol id="sm-47">
         <name>_vector14</name>
         <value>0x1c0</value>
         <object_component_ref idref="oc-11"/>
      </symbol>
      <symbol id="sm-48">
         <name>_vector15</name>
         <value>0x1e0</value>
         <object_component_ref idref="oc-11"/>
      </symbol>
      <symbol id="sm-49">
         <name>_vectors</name>
         <value>0x0</value>
         <object_component_ref idref="oc-11"/>
      </symbol>
      <symbol id="sm-4a">
         <name>_vector1</name>
         <value>0x20</value>
         <object_component_ref idref="oc-11"/>
      </symbol>
      <symbol id="sm-4b">
         <name>_vector3</name>
         <value>0x60</value>
         <object_component_ref idref="oc-11"/>
      </symbol>
      <symbol id="sm-4c">
         <name>_vector2</name>
         <value>0x40</value>
         <object_component_ref idref="oc-11"/>
      </symbol>
      <symbol id="sm-4d">
         <name>_vector5</name>
         <value>0xa0</value>
         <object_component_ref idref="oc-11"/>
      </symbol>
      <symbol id="sm-4e">
         <name>_vector4</name>
         <value>0x80</value>
         <object_component_ref idref="oc-11"/>
      </symbol>
      <symbol id="sm-4f">
         <name>_vector7</name>
         <value>0xe0</value>
         <object_component_ref idref="oc-11"/>
      </symbol>
      <symbol id="sm-50">
         <name>_vector6</name>
         <value>0xc0</value>
         <object_component_ref idref="oc-11"/>
      </symbol>
      <symbol id="sm-51">
         <name>_vector9</name>
         <value>0x120</value>
         <object_component_ref idref="oc-11"/>
      </symbol>
      <symbol id="sm-52">
         <name>_vector8</name>
         <value>0x100</value>
         <object_component_ref idref="oc-11"/>
      </symbol>
      <symbol id="sm-9b">
         <name>_comm_poll</name>
         <value>0xe44</value>
         <object_component_ref idref="oc-7a"/>
      </symbol>
      <symbol id="sm-9c">
         <name>_output_left_sample</name>
         <value>0x10bc</value>
         <object_component_ref idref="oc-7a"/>
      </symbol>
      <symbol id="sm-9d">
         <name>_comm_intr</name>
         <value>0xe78</value>
         <object_component_ref idref="oc-7a"/>
      </symbol>
      <symbol id="sm-9e">
         <name>_input_left_sample</name>
         <value>0x1380</value>
         <object_component_ref idref="oc-7a"/>
      </symbol>
      <symbol id="sm-9f">
         <name>_output_sample</name>
         <value>0xfa4</value>
         <object_component_ref idref="oc-7a"/>
      </symbol>
      <symbol id="sm-a0">
         <name>_c6713_dsk_init</name>
         <value>0xd80</value>
         <object_component_ref idref="oc-7a"/>
      </symbol>
      <symbol id="sm-a1">
         <name>_config</name>
         <value>0x4488</value>
         <object_component_ref idref="oc-17"/>
      </symbol>
      <symbol id="sm-a2">
         <name>_input_right_sample</name>
         <value>0x1448</value>
         <object_component_ref idref="oc-7a"/>
      </symbol>
      <symbol id="sm-a3">
         <name>_AIC_data</name>
         <value>0x445c</value>
         <object_component_ref idref="oc-17"/>
      </symbol>
      <symbol id="sm-a4">
         <name>_hAIC23_handle</name>
         <value>0x44b0</value>
         <object_component_ref idref="oc-17"/>
      </symbol>
      <symbol id="sm-a5">
         <name>_AIC23CfgData</name>
         <value>0x4468</value>
         <object_component_ref idref="oc-17"/>
      </symbol>
      <symbol id="sm-a6">
         <name>_input_sample</name>
         <value>0x127c</value>
         <object_component_ref idref="oc-7a"/>
      </symbol>
      <symbol id="sm-a7">
         <name>_output_right_sample</name>
         <value>0x119c</value>
         <object_component_ref idref="oc-7a"/>
      </symbol>
      <symbol id="sm-101">
         <name>_bubbleSort</name>
         <value>0xbc4</value>
         <object_component_ref idref="oc-77"/>
      </symbol>
      <symbol id="sm-102">
         <name>_main</name>
         <value>0x220</value>
         <object_component_ref idref="oc-77"/>
      </symbol>
      <symbol id="sm-103">
         <name>_YnBuffer</name>
         <value>0x3fdc</value>
         <object_component_ref idref="oc-1d"/>
      </symbol>
      <symbol id="sm-104">
         <name>_swap</name>
         <value>0xcbc</value>
         <object_component_ref idref="oc-77"/>
      </symbol>
      <symbol id="sm-105">
         <name>_Qn</name>
         <value>0x4308</value>
         <object_component_ref idref="oc-1d"/>
      </symbol>
      <symbol id="sm-106">
         <name>_IntgC</name>
         <value>0x4302</value>
         <object_component_ref idref="oc-1d"/>
      </symbol>
      <symbol id="sm-107">
         <name>_XnBuffer</name>
         <value>0x3cb8</value>
         <object_component_ref idref="oc-1d"/>
      </symbol>
      <symbol id="sm-108">
         <name>_tmp2</name>
         <value>0x433c</value>
         <object_component_ref idref="oc-1d"/>
      </symbol>
      <symbol id="sm-109">
         <name>_tmp1</name>
         <value>0x4338</value>
         <object_component_ref idref="oc-1d"/>
      </symbol>
      <symbol id="sm-10a">
         <name>_mod_cal</name>
         <value>0x6f4</value>
         <object_component_ref idref="oc-77"/>
      </symbol>
      <symbol id="sm-10b">
         <name>_detec_Pulse</name>
         <value>0x400</value>
         <object_component_ref idref="oc-77"/>
      </symbol>
      <symbol id="sm-10c">
         <name>_insertAtTheBegin</name>
         <value>0xd04</value>
         <object_component_ref idref="oc-77"/>
      </symbol>
      <symbol id="sm-10d">
         <name>_Fx</name>
         <value>0x4304</value>
         <object_component_ref idref="oc-1d"/>
      </symbol>
      <symbol id="sm-10e">
         <name>_TabTrace</name>
         <value>0x3ca4</value>
         <object_component_ref idref="oc-1d"/>
      </symbol>
      <symbol id="sm-10f">
         <name>_Coeff</name>
         <value>0x56c0</value>
         <object_component_ref idref="oc-7c"/>
      </symbol>
      <symbol id="sm-110">
         <name>_DetectionPulse</name>
         <value>0x4364</value>
         <object_component_ref idref="oc-1d"/>
      </symbol>
      <symbol id="sm-111">
         <name>_fs</name>
         <value>0x3ca0</value>
         <object_component_ref idref="oc-1d"/>
      </symbol>
      <symbol id="sm-112">
         <name>_Qn_2</name>
         <value>0x4328</value>
         <object_component_ref idref="oc-1d"/>
      </symbol>
      <symbol id="sm-113">
         <name>_Qn_1</name>
         <value>0x4318</value>
         <object_component_ref idref="oc-1d"/>
      </symbol>
      <symbol id="sm-114">
         <name>_Module</name>
         <value>0x4344</value>
         <object_component_ref idref="oc-1d"/>
      </symbol>
      <symbol id="sm-115">
         <name>_t</name>
         <value>0x4340</value>
         <object_component_ref idref="oc-1d"/>
      </symbol>
      <symbol id="sm-116">
         <name>_j</name>
         <value>0x42fe</value>
         <object_component_ref idref="oc-1d"/>
      </symbol>
      <symbol id="sm-117">
         <name>_i</name>
         <value>0x42fc</value>
         <object_component_ref idref="oc-1d"/>
      </symbol>
      <symbol id="sm-118">
         <name>_h</name>
         <value>0x3980</value>
         <object_component_ref idref="oc-1d"/>
      </symbol>
      <symbol id="sm-119">
         <name>_f</name>
         <value>0x4300</value>
         <object_component_ref idref="oc-1d"/>
      </symbol>
      <symbol id="sm-11a">
         <name>_TablePulse</name>
         <value>0x3380</value>
         <object_component_ref idref="oc-1d"/>
      </symbol>
      <symbol id="sm-11b">
         <name>_Yn</name>
         <value>0x3cb6</value>
         <object_component_ref idref="oc-1d"/>
      </symbol>
      <symbol id="sm-11c">
         <name>_Xn</name>
         <value>0x3cb4</value>
         <object_component_ref idref="oc-1d"/>
      </symbol>
      <symbol id="sm-128">
         <name>_c_int00</name>
         <value>0x30c0</value>
         <object_component_ref idref="oc-f"/>
      </symbol>
      <symbol id="sm-129">
         <name>__stack</name>
         <value>0x5560</value>
         <object_component_ref idref="oc-22"/>
      </symbol>
      <symbol id="sm-139">
         <name>C$$EXIT</name>
         <value>0x3340</value>
         <object_component_ref idref="oc-78"/>
      </symbol>
      <symbol id="sm-13a">
         <name>_exit</name>
         <value>0x2ae0</value>
         <object_component_ref idref="oc-6f"/>
      </symbol>
      <symbol id="sm-13b">
         <name>___TI_enable_exit_profile_output</name>
         <value>0x453c</value>
         <object_component_ref idref="oc-27"/>
      </symbol>
      <symbol id="sm-13c">
         <name>_abort</name>
         <value>0x3340</value>
         <object_component_ref idref="oc-78"/>
      </symbol>
      <symbol id="sm-13d">
         <name>__cleanup_ptr</name>
         <value>0x4534</value>
         <object_component_ref idref="oc-27"/>
      </symbol>
      <symbol id="sm-13e">
         <name>__dtors_ptr</name>
         <value>0x4538</value>
         <object_component_ref idref="oc-27"/>
      </symbol>
      <symbol id="sm-152">
         <name>__sys_memory</name>
         <value>0x5160</value>
         <object_component_ref idref="oc-2d"/>
      </symbol>
      <symbol id="sm-153">
         <name>_malloc</name>
         <value>0x1cc0</value>
         <object_component_ref idref="oc-7d"/>
      </symbol>
      <symbol id="sm-15b">
         <name>__remi</name>
         <value>0x2900</value>
         <object_component_ref idref="oc-7b"/>
      </symbol>
      <symbol id="sm-15c">
         <name>__c6xabi_remi</name>
         <value>0x2900</value>
         <object_component_ref idref="oc-7b"/>
      </symbol>
      <symbol id="sm-16a">
         <name>__unlock</name>
         <value>0x454c</value>
         <object_component_ref idref="oc-35"/>
      </symbol>
      <symbol id="sm-16b">
         <name>__lock</name>
         <value>0x4548</value>
         <object_component_ref idref="oc-35"/>
      </symbol>
      <symbol id="sm-16c">
         <name>__nop</name>
         <value>0x3320</value>
         <object_component_ref idref="oc-70"/>
      </symbol>
      <symbol id="sm-176">
         <name>__args_main</name>
         <value>0x31c0</value>
         <object_component_ref idref="oc-6e"/>
      </symbol>
      <symbol id="sm-177">
         <name>__TI_args_main</name>
         <value>0x1</value>
      </symbol>
      <symbol id="sm-181">
         <name>__auto_init</name>
         <value>0x2800</value>
         <object_component_ref idref="oc-6d"/>
      </symbol>
      <symbol id="sm-18b">
         <name>___TI_cpp_init</name>
         <value>0x3040</value>
         <object_component_ref idref="oc-76"/>
      </symbol>
      <symbol id="sm-195">
         <name>_copy_in</name>
         <value>0x2d80</value>
         <object_component_ref idref="oc-74"/>
      </symbol>
      <symbol id="sm-19f">
         <name>_memcpy</name>
         <value>0x1f00</value>
         <object_component_ref idref="oc-75"/>
      </symbol>
      <symbol id="sm-1bb">
         <name>__IRQ_eventTable</name>
         <value>0x4390</value>
         <object_component_ref idref="oc-49"/>
      </symbol>
      <symbol id="sm-1bc">
         <name>_IRQ_nmiEnable</name>
         <value>0x3260</value>
         <object_component_ref idref="oc-84"/>
      </symbol>
      <symbol id="sm-1bd">
         <name>_IRQ_reset</name>
         <value>0x3180</value>
         <object_component_ref idref="oc-82"/>
      </symbol>
      <symbol id="sm-1be">
         <name>__IRQ_intTable</name>
         <value>0x4414</value>
         <object_component_ref idref="oc-49"/>
      </symbol>
      <symbol id="sm-1bf">
         <name>_IRQ_globalEnable</name>
         <value>0x3240</value>
         <object_component_ref idref="oc-83"/>
      </symbol>
      <symbol id="sm-1c0">
         <name>_IRQ_globalDisable</name>
         <value>0x3220</value>
         <object_component_ref idref="oc-7f"/>
      </symbol>
      <symbol id="sm-1c1">
         <name>_IRQ_map</name>
         <value>0x2140</value>
         <object_component_ref idref="oc-81"/>
      </symbol>
      <symbol id="sm-1c2">
         <name>_IRQ_enable</name>
         <value>0x3140</value>
         <object_component_ref idref="oc-85"/>
      </symbol>
      <symbol id="sm-1c3">
         <name>__IRQ_dispatchTable</name>
         <value>0x4454</value>
         <object_component_ref idref="oc-49"/>
      </symbol>
      <symbol id="sm-1c4">
         <name>__IRQ_hookFetchPacket</name>
         <value>0x3360</value>
         <object_component_ref idref="oc-47"/>
      </symbol>
      <symbol id="sm-1e2">
         <name>_MCBSP_reset</name>
         <value>0x2300</value>
         <object_component_ref idref="oc-79"/>
      </symbol>
      <symbol id="sm-1e3">
         <name>_MCBSP_read</name>
         <value>0x32a0</value>
         <object_component_ref idref="oc-89"/>
      </symbol>
      <symbol id="sm-1e4">
         <name>_MCBSP_getXmtEventId</name>
         <value>0x3280</value>
         <object_component_ref idref="oc-80"/>
      </symbol>
      <symbol id="sm-1e5">
         <name>_MCBSP_open</name>
         <value>0x2600</value>
         <object_component_ref idref="oc-72"/>
      </symbol>
      <symbol id="sm-1e6">
         <name>__MCBSP_hDev0</name>
         <value>0x44e4</value>
         <object_component_ref idref="oc-4e"/>
      </symbol>
      <symbol id="sm-1e7">
         <name>__MCBSP_hDev1</name>
         <value>0x44e8</value>
         <object_component_ref idref="oc-4e"/>
      </symbol>
      <symbol id="sm-1e8">
         <name>_MCBSP_start</name>
         <value>0x2700</value>
         <object_component_ref idref="oc-73"/>
      </symbol>
      <symbol id="sm-1e9">
         <name>_MCBSP_rrdy</name>
         <value>0x32c0</value>
         <object_component_ref idref="oc-88"/>
      </symbol>
      <symbol id="sm-1ea">
         <name>_MCBSP_config</name>
         <value>0x2f00</value>
         <object_component_ref idref="oc-7e"/>
      </symbol>
      <symbol id="sm-1eb">
         <name>_MCBSP_xrdy</name>
         <value>0x3300</value>
         <object_component_ref idref="oc-86"/>
      </symbol>
      <symbol id="sm-1ec">
         <name>_MCBSP_write</name>
         <value>0x32e0</value>
         <object_component_ref idref="oc-87"/>
      </symbol>
      <symbol id="sm-1fa">
         <name>_DSK6713_init</name>
         <value>0x156c</value>
         <object_component_ref idref="oc-52"/>
      </symbol>
      <symbol id="sm-1fb">
         <name>_DSK6713_version</name>
         <value>0x4558</value>
         <object_component_ref idref="oc-53"/>
      </symbol>
      <symbol id="sm-1fc">
         <name>_DSK6713_rget</name>
         <value>0x1888</value>
         <object_component_ref idref="oc-52"/>
      </symbol>
      <symbol id="sm-1fd">
         <name>_DSK6713_wait</name>
         <value>0x18b0</value>
         <object_component_ref idref="oc-52"/>
      </symbol>
      <symbol id="sm-1fe">
         <name>_DSK6713_rset</name>
         <value>0x189c</value>
         <object_component_ref idref="oc-52"/>
      </symbol>
      <symbol id="sm-1ff">
         <name>_DSK6713_waitusec</name>
         <value>0x1908</value>
         <object_component_ref idref="oc-52"/>
      </symbol>
      <symbol id="sm-200">
         <name>_DSK6713_getVersion</name>
         <value>0x1934</value>
         <object_component_ref idref="oc-52"/>
      </symbol>
      <symbol id="sm-20e">
         <name>_DSK6713_AIC23_codeccontrolhandle</name>
         <value>0x4540</value>
         <object_component_ref idref="oc-59"/>
      </symbol>
      <symbol id="sm-20f">
         <name>_DSK6713_AIC23_codecdatahandle</name>
         <value>0x4544</value>
         <object_component_ref idref="oc-59"/>
      </symbol>
      <symbol id="sm-210">
         <name>_DSK6713_AIC23_openCodec</name>
         <value>0x19a0</value>
         <object_component_ref idref="oc-58"/>
      </symbol>
      <symbol id="sm-21e">
         <name>_DSK6713_AIC23_config</name>
         <value>0x2560</value>
         <object_component_ref idref="oc-5e"/>
      </symbol>
      <symbol id="sm-21f">
         <name>_DSK6713_AIC23_rget</name>
         <value>0x253c</value>
         <object_component_ref idref="oc-5e"/>
      </symbol>
      <symbol id="sm-220">
         <name>_DSK6713_AIC23_rset</name>
         <value>0x24a0</value>
         <object_component_ref idref="oc-5e"/>
      </symbol>
      <symbol id="sm-22e">
         <name>_DSK6713_AIC23_setFreq</name>
         <value>0x2e40</value>
         <object_component_ref idref="oc-64"/>
      </symbol>
      <symbol id="sm-236">
         <name>__strasg</name>
         <value>0x2a00</value>
         <object_component_ref idref="oc-71"/>
      </symbol>
   </symbol_table>
</link_info>
